{"data":{"0":{"date_of_publication":"2022-03-08 xx:xx:xx","headline":"Listeria Outbreak Linked to Packaged Salads Produced by Fresh Express  ","main_text":"Vegetables, including leafy greens, are an important part of a healthy and balanced diet. However, they can sometimes be contaminated with harmful germs.","reports":{"diseases":["listeriosis"],"event_date":"2022-03-08 xx:xx:xx","locations":["Illinois","Massachusetts","Michigan","New Jersey","New York","Ohio","Pennsylvania","Virginia"],"syndromes":[]},"url":"https://www.cdc.gov/listeria/outbreaks/packaged-salad-12-21-b/index.html"},"1":{"date_of_publication":"2022-02-01 xx:xx:xx","headline":"Listeria Outbreak Linked to Packaged Salads Produced by Dole ","main_text":"CDC is currently investigating two separate Listeria outbreaks linked to packaged salads. This outbreak is linked to packaged salads produced by Dole. The other outbreak is linked to packaged salads produced by Fresh Express.","reports":{"diseases":["listeriosis"],"event_date":"2022-02-01 xx:xx:xx","locations":["Idaho","Iowa","Maryland","Michigan","Minnesota","Nevada","North Carolina","Ohio","Oregon","Pennsylvania","Texas","Utah","Wisconsin"],"syndromes":[]},"url":"https://www.cdc.gov/listeria/outbreaks/packaged-salad-mix-12-21/index.html"},"2":{"date_of_publication":"2021-09-10 xx:xx:xx","headline":"Listeria Outbreak Linked to Fully Cooked Chicken ","main_text":"These products were recalled in July 2021 and should no longer be available for sale. However, they can be kept frozen for a long time and may still be in your freezer.","reports":{"diseases":["listeriosis"],"event_date":"2021-09-10 xx:xx:xx","locations":["Delaware","Texas"],"syndromes":[]},"url":"https://www.cdc.gov/listeria/outbreaks/precooked-chicken-07-21/index.html"},"3":{"date_of_publication":"2021-05-14 xx:xx:xx","headline":"Listeria Outbreak Linked to Hispanic-Style Fresh and Soft Cheeses ","main_text":"This outbreak is over. Even when there are no ongoing outbreaks, do not eat soft cheeses like queso fresco, unless they are labeled  made with pasteurized milk.  This is especially important for people who are at higher risk for Listeria illness.","reports":{"diseases":["listeriosis"],"event_date":"2021-05-14 xx:xx:xx","locations":["Connecticut","Maryland","New York","Virginia"],"syndromes":[]},"url":"https://www.cdc.gov/listeria/outbreaks/hispanic-soft-cheese-02-21/index.html"},"4":{"date_of_publication":"2021-01-28 16:00:xx","headline":"Outbreak of Listeria Infections Linked to Deli Meats ","main_text":"Public health investigators used the PulseNet system to identify illnesses that were part of this outbreak. PulseNet is the national subtyping network of public health and food regulatory agency laboratories coordinated by CDC. DNA fingerprinting was performed on Listeria bacteria isolated from ill people by using a standardized laboratory and data analysis method called whole genome sequencing (WGS). CDC PulseNet manages a national database of these sequences that are used to identify possible outbreaks. WGS gives investigators detailed information about the bacteria causing illness. In this investigation, WGS showed that bacteria isolated from ill people were closely related genetically. This means that people in this outbreak were more likely to share a common source of infection.","reports":{"diseases":["listeriosis"],"event_date":"2021-01-26 xx:xx:xx","locations":["Florida","Louisiana","Massachusetts","New York"],"syndromes":[]},"url":"https://www.cdc.gov/listeria/outbreaks/delimeat-10-20/index.html"},"5":{"date_of_publication":"2020-06-09 11:00:xx","headline":"Outbreak of Listeria Infections Linked to Enoki Mushrooms  ","main_text":"FDA and state officials collected enoki mushrooms for testing. The Michigan Department of Agriculture and Rural Development collected enoki mushrooms from a grocery store where an ill person shopped and identified the outbreak strain in two samples. These mushrooms were labeled as  Product of Korea  and were distributed by Sun Hong Foods, Inc. On March 9, 2020, Sun Hong Foods, Inc. recalledexternal icon enoki mushrooms. The California Department of Public Health collected enoki mushrooms from grocery stores and identified the outbreak strain in one sample. These mushrooms were labeled as  Product of Korea  and were distributed by Guan  Mushroom Co. On March 23, 2020, Guan  Mushroom Co. recalledexternal icon enoki mushrooms. FDA collected samples of enoki mushrooms for testing at import from Green Co. LTD of the Republic of Korea. On April 6, 2020, results showed that two samples yielded the outbreak strain of Listeria monocytogenes. As a result, on April 7, 2020, FDA placed Green Co. LTD on Import Alertexternal icon and H&C Foods Inc.external icon recalled enoki mushrooms supplied by Green Co. LTD.","reports":{"diseases":["listeriosis"],"event_date":"2020-06-09 11:00:xx","locations":["Arizona","Florida","Hawaii","Indiana","Kentucky","Maryland","Massachusetts","Michigan","Missouri","New Jersey","New York","North Carolina","Rhode Island","Tennessee","Virginia","Washington","Nevada"],"syndromes":[]},"url":"https://www.cdc.gov/listeria/outbreaks/enoki-mushrooms-03-20/index.html"},"6":{"date_of_publication":"2020-03-04 15:00:xx","headline":"Outbreak of Listeria Infections Linked to Hard-boiled Eggs  ","main_text":"Public health investigators used the PulseNet system to identify illnesses that were part of this outbreak. PulseNet is the national subtyping network of public health and food regulatory agency laboratories coordinated by CDC. DNA fingerprinting is performed on Listeria bacteria isolated from ill people by using a standardized laboratory and data analysis method called whole genome sequencing (WGS). CDC PulseNet manages a national database of these sequences that are used to identify possible outbreaks. WGS gives investigators detailed information about the bacteria causing illness. In this investigation, WGS showed that bacteria isolated from ill people were closely related genetically. This means that people in this outbreak were likely to share a common source of infection.","reports":{"diseases":["listeriosis"],"event_date":"2020-03-04 15:00:xx","locations":["Florida","Maine","Pennsylvania","South Carolina","Texas"],"syndromes":[]},"url":"https://www.cdc.gov/listeria/outbreaks/eggs-12-19/index.html"},"7":{"date_of_publication":"2019-11-07 13:00:xx","headline":"Outbreak of Listeria Infections  ","main_text":"Public health investigators used the PulseNet system to identify illnesses that may have been part of this outbreak. PulseNet is the national subtyping network of public health and food regulatory agency laboratories coordinated by CDC. DNA fingerprinting is performed on Listeria bacteria isolated from ill people by using a standardized laboratory and data analysis method called whole genome sequencing (WGS). CDC PulseNet manages a national database of these sequences that are used to identify possible outbreaks. WGS gives investigators detailed information about the bacteria causing illness. In this investigation, WGS showed that bacteria isolated from ill people were closely related genetically. This means that people in this outbreak were more likely to share a common source of infection.","reports":{"diseases":["listeriosis"],"event_date":"2019-11-07 xx:xx:xx","locations":["Florida","Iowa","Illinois","Indiana","Kansas","Kentucky","Michigan","Missouri","New York","Ohio","Oregon","Texas"],"syndromes":[]},"url":"https://www.cdc.gov/listeria/outbreaks/monocytogenes-08-19/index.html"},"8":{"date_of_publication":"xx-xx-xx xx:xx:xx","headline":"Outbreak of Listeria Infections Linked to Deli-Sliced Meats and Cheeses  ","main_text":"Public health investigators used the PulseNet system to identify illnesses that may be part of this outbreak. PulseNet is the national subtyping network of public health and food regulatory agency laboratories coordinated by CDC. DNA fingerprinting is performed on Listeria bacteria isolated from ill people by using a technique called whole genome sequencing (WGS). CDC PulseNet manages a national database of these DNA fingerprints to identify possible outbreaks. WGS performed on Listeria isolated from ill people in this outbreak showed that they were closely related genetically. This means that people in this outbreak were more likely to share a common source of infection.","reports":{"diseases":["listeriosis"],"event_date":"2019-09-26 xx:xx:xx","locations":["Massachusetts","Michigan","New Jersey","New York","Pennsylvania"],"syndromes":[]},"url":"https://www.cdc.gov/listeria/outbreaks/deliproducts-04-19/index.html"},"9":{"date_of_publication":"xx-xx-xx xx:xx:xx","headline":"Outbreak of Listeria Infections Linked to Pork Products  ","main_text":"Public health investigators used the PulseNet system to identify illnesses that may have been part of this outbreak. PulseNet is the national subtyping network of public health and food regulatory agency laboratories coordinated by CDC. DNA fingerprinting was performed on Listeria bacteria isolated from ill people using a technique called whole genome sequencing (WGS). CDC PulseNet manages a national database of these DNA fingerprints to identify possible outbreaks. WGS performed on bacteria isolated from ill people showed that they were closely relatedly genetically. This means that people in this outbreak were more likely to share a common source of infection.","reports":{"diseases":["listeriosis"],"event_date":"2019-01-29 xx:xx:xx","locations":["Louisiana","Michigan","Tennessee","Texas"],"syndromes":[]},"url":"https://www.cdc.gov/listeria/outbreaks/porkproducts-11-18/index.html"},"10":{"date_of_publication":"xx-xx-xx xx:xx:xx","headline":"Outbreak of Listeria Infections Linked to Deli Ham (Final Update)  ","main_text":"Public health investigators used the PulseNet system to identify illnesses that may have been part of this outbreak. PulseNet is the national subtyping network of public health and food regulatory agency laboratories coordinated by CDC. DNA fingerprinting was performed on Listeria bacteria isolated from ill people by using a technique called whole genome sequencing (WGS). CDC PulseNet manages a national database of these DNA fingerprints to identify possible outbreaks. WGS performed on bacteria isolated from ill people showed that they were closely relatedly genetically. This means that people in this outbreak were more likely to share a common source of infection.","reports":{"diseases":["listeriosis"],"event_date":"2018-12-18 xx:xx:xx","locations":["North Carolina","Virginia"],"syndromes":[]},"url":"https://www.cdc.gov/listeria/outbreaks/countryham-10-18/index.html"},"11":{"date_of_publication":"2017-05-03 13:30:xx","headline":"Multistate Outbreak of Listeriosis Linked to Soft Raw Milk Cheese Made by Vulto Creamery ","main_text":"The New York Division of Milk Control and Dairy Services collected three intact wheels of Ouleout cheese from Vulto Creamery. The outbreak strain of Listeria was identified in samples taken from the three wheels of cheese. On March 7, 2017, Vulto Creamery recalledExternal all lots of Ouleout, Miranda, Heinennellie, and Willowemoc soft wash-rind raw milk cheeses. On March 10, the company expanded the recall to include four other cheeses: Andes, Blue Blais, Hamden, and Walton Umber. The raw milk cheeses were distributed nationwide, with most sold in stores in the northeastern and Mid-Atlantic states; California; Chicago; Portland, Oregon; and Washington, D.C.","reports":{"diseases":["listeriosis"],"event_date":"2016-09-01 xx:xx:xx","locations":["Connecticut","Florida","New York","Vermont"],"syndromes":[]},"url":"https://www.cdc.gov/listeria/outbreaks/soft-cheese-03-17/index.html"},"12":{"date_of_publication":"2016-07-15 13:45:xx","headline":"Multistate Outbreak of Listeriosis Linked to Frozen Vegetables ","main_text":"On April 23, 2016, CRF Frozen Foods recalled 11 frozen vegetable products because they may have been contaminated with Listeria. On May 2, 2016, CRF Frozen Foods expanded the initial recall to include all organic and traditional frozen vegetable and fruit products processed in its Pasco, Washington facility since May 1, 2014. More than 350 consumer products sold under 42 separate brands were recalled, as well as at least 100 other products from other companies that contained recalled ingredients from CRF Frozen Foods. State health departments collected recalled products from ill people in California and Idaho and isolated an outbreak strain of Listeria in these product samples. Recalled items were sold under various brand names, nationwide and in Canada. A full list of recalled products is available on the FoodSafety.gov websiteExternal. CDC recommends that consumers do not eat, and restaurants and retailers do not serve or sell, recalled organic and traditional frozen vegetables and fruit products and recalled products that contain these items.","reports":{"diseases":["listeriosis"],"event_date":"2013-09-13 xx:xx:xx","locations":["Maryland","Washington"],"syndromes":[]},"url":"https://www.cdc.gov/listeria/outbreaks/frozen-vegetables-05-16/index.html"},"13":{"date_of_publication":"2016-12-14 12:45:xx","headline":"Multistate Outbreak of Listeriosis Linked to Raw Milk Produced by Miller\u2019s Organic Farm in Pennsylvania ","main_text":"In November 2015, samples of raw chocolate milk were collected from a raw milk conference held in Anaheim, California. The raw chocolate milk was produced by Miller  Organic Farm. The U.S. Food and Drug Administration (FDA) isolated Listeria from the raw chocolate milk and conducted WGS testing on the isolate to get more genetic information about the bacteria. On January 29, 2016, FDA informed CDC that WGS determined that the Listeria bacteria from the raw chocolate milk was closely related genetically to Listeria bacteria from two people in two states who got sick in 2014, one from California and one from Florida.","reports":{"diseases":["listeriosis"],"event_date":"2016-03-17 xx:xx:xx","locations":["Florida"],"syndromes":[]},"url":"https://www.cdc.gov/listeria/outbreaks/raw-milk-03-16/index.html"},"14":{"date_of_publication":"2016-03-31 09:00:xx","headline":"Multistate Outbreak of Listeriosis Linked to Packaged Salads Produced at Springfield, Ohio Dole Processing Facility ","main_text":"On January 21, 2016, Dole reported to CDC that it had stopped production at the processing facility in Springfield, Ohio and withdrew packaged salads from this facility that were on the market at that time. On January 27, 2016, Dole voluntarily recalledExternal all salad mixes produced in the Springfield, Ohio processing facility. The recall included several brands and varieties of salad mixes that were distributed throughout the United States and in Eastern Canada. The type of salad mixes produced at this facility were packaged in bags and plastic clamshell containers and were identified by the letter  A  at the beginning of the manufacturing code on the package. Any recalled salad mixes still on the market or in consumers\u2019 homes would be past their expiration dates.","reports":{"diseases":["listeriosis"],"event_date":"2015-07-05 xx:xx:xx","locations":["Indiana","Massachusetts","Michigan","Missouri","New Jersey","New York","Ohio","Pennsylvania"],"syndromes":[]},"url":"https://www.cdc.gov/listeria/outbreaks/bagged-salads-01-16/index.html"},"15":{"date_of_publication":"2015-10-23 15:00:xx","headline":"Multistate Outbreak of Listeriosis Linked to Soft Cheeses (Final Update) ","main_text":"State and local health departments interviewed ill people about the foods they may have eaten or other exposures in the month before their illness began. Twenty (67%) of 30 people with available information were of Middle Eastern or Eastern European descent or shopped at Middle Eastern or Eastern European-style markets. Of 28 ill people for whom information was available, 21 (75%) consumed soft cheese, and all of those 21 (100%) reported eating Middle Eastern, Eastern European, Mediterranean, or Mexican-style cheeses, including ani, feta (e.g., Bulgarian feta), Middle Eastern-style string cheese, nabulsi, and village cheese. Three of seven ill people who specified the brand of cheese eaten reported brands distributed by Karoun Dairies. An additional ill person was unable to name the brand of cheese eaten, but described the packaging and label of a Karoun product. No other brand of soft cheese was reported more than once. One other ill person reported eating Karoun brand kefir cheese. This person was previously included in the number of people reporting a Karoun brand soft cheese, but has now been excluded since kefir is typically classified as a yogurt product rather than a cheese.","reports":{"diseases":["listeriosis"],"event_date":"2022-03-10 xx:xx:xx","locations":["Illinois","Massachusetts","Michigan","New York","Ohio","Tennessee","Virginia","Washington","Arizona","Kansas","Oklahoma","Texas"],"syndromes":[]},"url":"https://www.cdc.gov/listeria/outbreaks/soft-cheeses-09-15/index.html"},"16":{"date_of_publication":"2015-06-10 10:30:xx","headline":"Multistate Outbreak of Listeriosis Linked to Blue Bell Creameries Products","main_text":"In March 2015, Kansas health officials identified two people from the same hospital who were infected with Listeria bacteria that had the same PFGE pattern. Three additional listeriosis cases with three other PFGE patterns had previously been identified from the same hospital. All five people were hospitalized for unrelated problems before developing invasive listeriosis   a finding that strongly suggested their infections were acquired in the hospital. Listeria isolates from four of the five people had PFGE patterns that were also identified in ice cream tested by South Carolina and Texas. Although some of the illnesses occurred more than a year before this investigation began, all four people with available information consumed milkshakes made with the  Scoops  Blue Bell ice cream product while they were in the hospital. Isolates from four of these people were highly related to each other by whole genome sequencing. Listeria isolated from the fifth person was not related to isolates from the other four ill people. In addition, the PFGE pattern was not identified in any ice cream samples. However, this person was part of a recognized illness cluster at the hospital and consumed milkshakes made with  Scoops  while hospitalized. As a result, this person was included as a case in the outbreak.  Illness onset dates for the five people ranged from January 2014 through January 2015. Three of these people died as a result of their Listeria infection.","reports":{"diseases":["listeriosis"],"event_date":"2015-04-21 xx:xx:xx","locations":["Arizona","Kansas","Oklahoma","Texas"],"syndromes":[]},"url":"https://www.cdc.gov/listeria/outbreaks/ice-cream-03-15/index.html"},"17":{"date_of_publication":"2015-02-12 16:30:xx","headline":"Multistate Outbreak of Listeriosis Linked to Commercially Produced, Prepackaged Caramel Apples Made from Bidart Bros. Apples ","main_text":"To date, three firms that produce caramel apples have issued voluntary recalls after receiving notice from Bidart Bros. that there may be a connection between Bidart Bros. apples and this listeriosis outbreak. On December 24, 2014, Happy Apple Company of Washington, Missouri, voluntarily recalled Happy Apples brand caramel applesExternal with a best use by date between August 25 and November 23, 2014. On December 31, 2014, Happy Apple Company expanded the recallExternal to include Kroger brand caramel apples produced by Happy Apple Company with a best use by date between September 15 and November 18, 2014. On December 27, 2014, California Snack Foods voluntarily recalled Karm\u2019l Dapple brand caramel applesExternal with a best use by date between August 15 and November 28, 2014. On December 29, 2014, Merb  Candies of St. Louis, Missouri issued a voluntary recall of Merb  Candies Bionic Apples and Double Dipped ApplesExternal that would have been available from September 8 through November 25, 2014.  Investigators are continuing to work to determine if any other brands or types of commercially produced, prepackaged caramel apples are linked to illnesses and to determine the source of contamination.","reports":{"diseases":["listeriosis","unknown"],"event_date":"2014-12-30 xx:xx:xx","locations":["Arizona","California","Colorado","Minnesota","Missouri","Nevada","New Mexico","North Carolina","Texas","Utah","Washington","Wisconsin"],"syndromes":[]},"url":"https://www.cdc.gov/listeria/outbreaks/caramel-apples-12-14/index.html"},"18":{"date_of_publication":"2014-12-04 16:30:xx","headline":"Oasis Brands, Inc. Cheese Recalls and Investigation of Human Listeriosis Cases ","main_text":"On July 28, 2014, Virginia  Division of Consolidated Laboratory Services (DCLS) identified Listeria monocytogenes in quesito casero, a type of unaged soft cheese made from pasteurized milk, produced by Oasis Brands, Inc. and collected during routine sampling. On August 4, 2014, Oasis Brands, Inc. voluntarily recalled quesito caseroExternal. On August 1, 2014, the U.S. Food and Drug Administration (FDA) began inspectionsExternal at the firm  processing facility in Miami, Florida. FDA subsequently collected environmental samples at the production facility; these samples yielded Listeria monocytogenes. As a result of these findings, on October 6, 2014, Oasis Brands, Inc. expanded the recall to include cuajada en hojaExternal (fresh curd). On October 16, 2014, Oasis Brands, Inc. announced an additional recall of various Lacteos Santa Martha and one HonduCrema brandExternal cheese and dairy products. At this time, Oasis Brands, Inc. has ceased manufacturing of all products, including the recalled products. ","reports":{"diseases":["listeriosis"],"event_date":"2014-12-04 16:30:xx","locations":["Georgia","New York","Tennessee","Texas"],"syndromes":[]},"url":"https://www.cdc.gov/listeria/outbreaks/cheese-10-14/index.html"},"19":{"date_of_publication":"2015-01-27 10:30:xx","headline":"Wholesome Soy Products, Inc. Sprouts and Investigation of Human Listeriosis Cases","main_text":"On October 14, 2014, Wholesome Soy Products, Inc. ceased production of all products except mung bean and soy bean sprouts. On November 7, 2014, Wholesome Soy Products, Inc. verbally agreed to close their facility, cease production and distribution of sprouts, and recall sprouts that are already on the market. FDA continues to work with the company to ensure that they do not produce sprouts until FDA has ensured that this strain of Listeria is sufficiently controlled. Illinois Department of Public Health (IDPH) is working to embargo all product at Wholesome Soy Products, Inc. and the other wholesalers that presently have product. In addition, IDPH has asked local health departments to contact facilities in their jurisdictions that have received the product to have the facilities either hold the product or destroy per the CDC recommendations.","reports":{"diseases":["listeriosis"],"event_date":"2015-01-27 10:30:xx","locations":["Illinois ","Michigan"],"syndromes":[]},"url":"https://www.cdc.gov/listeria/outbreaks/bean-sprouts-11-14/index.html"},"20":{"date_of_publication":"2014-04-18 09:30:xx","headline":"Multistate Outbreak of Listeriosis Linked to Roos Foods Dairy Products ","main_text":"VDACS subsequently collected pre-packaged Caujada en Terron produced by Roos Foods from Chain A that was not repackaged in the store. The Virginia DCLS identified Listeria monocytogenes from these samples; a consumer advisoryExternal was issued on February 21, 2014. DNA fingerprinting and whole-genome sequencing will be performed on these isolates. In addition, the Maryland Department of Health and Mental Hygiene has tested samples of pre-packaged cheese products purchased at Chain A stores; those products produced by Roos Foods are preliminarily positive for Listeria monocytogenes. On February 19, 2014, the Maryland Department of Health and Mental Hygiene issued a warning to consumersExternal to not eat any cheese products made by Roos Foods. Their warning stated that Roos Foods cheese products are sold under brand names Santa Rosa de Lima, Amigo, Mexicana, Suyapa, La Chapina, and La Purisima Crema Nica. ","reports":{"diseases":["listeriosis"],"event_date":"2014-04-18 09:30:xx","locations":["Maryland","California"],"syndromes":[]},"url":"https://www.cdc.gov/listeria/outbreaks/cheese-02-14/index.html"},"21":{"date_of_publication":"2013-09-24 13:00:xx","headline":"Multistate Outbreak of Listeriosis Linked to Crave Brothers Farmstead Cheeses ","main_text":"Public health investigators used DNA  fingerprints  of Listeria obtained through testing with pulsed-field gel electrophoresis, or PFGE, to identify cases of illness that may have been part of this outbreak. They used data from PulseNet, the national subtyping network of state and local public health laboratories and federal food regulatory laboratories that performs molecular surveillance of foodborne infections. The DNA fingerprint of the outbreak strain is typically associated with about 14 cases per year, even in the absence of a recognized outbreak. For this reason, whole genome sequencing, a highly discriminatory subtyping method, was also used to define the outbreak strain. Whole genome sequencing helped clarify which patients\u2019 illnesses were related to the outbreak.","reports":{"diseases":["listeriosis"],"event_date":"2013-09-24 13:00:xx","locations":["Illinois","Indiana","Minnesota","Ohio","Texas"],"syndromes":[]},"url":"https://www.cdc.gov/listeria/outbreaks/cheese-07-13/index.html"},"22":{"date_of_publication":"2012-11-21 14:30:xx","headline":"Listeriosis Infections linked to Marte Brand Frescolina Ricotta Salata Cheese ","main_text":"Epidemiologic, laboratory, and traceback investigations conducted by officials in local, state, and federal public health, agriculture, and regulatory agencies indicate that imported Marte brand Frescolina ricotta salata cheese distributed by Forever Cheese, Inc. is the likely source of this outbreak of listeriosis. In interviews, ill persons answered questions about foods consumed and other exposures in the month before becoming ill. Twelve (86%) of 14 ill persons interviewed reported consuming a soft cheese. All six ill persons who could provide information about packaging of cheeses reported consuming cheese that had been cut and repackaged at a retail location. The investigation is complex because ill persons reported consuming many different cheeses from many different retail locations. No one cheese was reported by the majority of ill persons, suggesting that cross-contamination of other cheeses through cutting boards and utensils may have played a role. The investigation focused on identifying intact cheeses shipped to multiple retail locations where ill persons purchased cut and repackaged cheese.","reports":{"diseases":["listeriosis"],"event_date":"2012-11-21 14:30:xx","locations":["California","Colorado","District of Columbia","Maryland","Massachusetts","Minnesota","Nebraska","New Jersey","New Mexico","New York","Ohio","Pennsylvania","Virginia","Washington"],"syndromes":[]},"url":"https://www.cdc.gov/listeria/outbreaks/cheese-09-12/index.html"},"23":{"date_of_publication":"2012-08-27 10:30:xx","headline":"Multistate Outbreak of Listeriosis Linked to Whole Cantaloupes from Jensen Farms, Colorado ","main_text":"Among persons for whom information was available, reported illness onset ranged from July 31, 2011 through October 27, 2011. Ages ranged from <1 to 96 years, with a median age of 78 years. Most ill persons were over 60 years old. Fifty-eight percent of ill persons were female. Among the 145 ill persons with available information on whether they were hospitalized, 143 (99%) were hospitalized. Thirty-three outbreak-associated deaths were reported: Colorado (9), Indiana (1), Kansas (3), Louisiana (2), Maryland (1), Missouri (3), Montana (1), Nebraska (1), New Mexico (5), New York (2), Oklahoma (1), Texas (2), and Wyoming (2). Among persons who died, ages ranged from 48 to 96 years, with a median age of 81 years. In addition, one woman pregnant at the time of illness had a miscarriage. Ten deaths not attributed to listeriosis occurred among persons who had been infected with an outbreak-associated subtype. State and local public health officials reviewed causes of death listed on death certificates to determine whether to attribute these deaths to listeriosis. Deaths included in this review occurred as recently as February 29, 2012.","reports":{"diseases":["listeriosis"],"event_date":"2011-09-20 17:00:00","locations":["Alabama","Arkansas","California","Colorado","Idaho","Illinois","Indiana","Iowa","Kansas","Louisiana","Maryland","Missouri","Montana","Nebraska","Nevada","New Mexico","New York","North Dakota","Oklahoma","Oregon","Pennsylvania","South Dakota","Texas","Utah","Virginia","West Virginia","Wisconsin","Wyoming"],"syndromes":[]},"url":"https://www.cdc.gov/listeria/outbreaks/cantaloupes-jensen-farms/index.html"},"24":{"date_of_publication":"2017-07-28 xx:xx:xx","headline":"2017 Democratic Republic of the Congo, Bas U\u00e9l\u00e9 District","main_text":"The map shows the country of Democratic Republic of Congo, located in Cental Africa, and indicates outbreaks of Ebola that have happened there. The maps indicates outbreaks of Ebola in Yambuku in 1976, Tandala in 1977, Kikwit in 1995, Mweka in 2007, Luebo in 2008, Isiro in 2012, Tshuapa in 2014, and, presently, in Likati in 2017. All outbreaks were of the Ebola Zaire subtype, except for the Isiro outbreak, with Ebola Bundibugyo. All outbreaks of Ebola Zaire were between 51-75 cases; the Isiro outbreak was from 26-50 cases.The map shows the country of Democratic Republic of Congo, located in Cental Africa, and indicates outbreaks of Ebola that have happened there. The maps indicates outbreaks of Ebola in Yambuku in 1976, Tandala in 1977, Kikwit in 1995, Mweka in 2007, Luebo in 2008, Isiro in 2012, Tshuapa in 2014, and, presently, in Likati in 2017. All outbreaks were of the Ebola Zaire subtype, except for the Isiro outbreak, with Ebola Bundibugyo. All outbreaks of Ebola Zaire were between 51-75 cases; the Isiro outbreak was from 26-50 cases.","reports":{"diseases":["ebola haemorrhagic fever"],"event_date":"2017-05-11 00:00:xx","locations":["Democratic Republic of the Congo, Bas U\u00e9l\u00e9 District"],"syndromes":[]},"url":"https://www.cdc.gov/vhf/ebola/outbreaks/drc/2017-may.html"},"25":{"date_of_publication":"2014-11-21 xx:xx:xx","headline":"2014 Ebola Outbreak in Democratic Republic of the Congo","main_text":"Having reached the 42-day mark, the Democratic Republic of the Congo is now considered free of Ebola transmission. This outbreak was the seventh outbreak of Ebola virus disease in the DRC since Ebola virus was first identified there in 1976.This outbreak was unrelated to the current outbreak of Ebola in West Africa. For information about the outbreak in West Africa, please see the 2014 Ebola Outbreak in West Africa webpage.This outbreak was unrelated to the current outbreak of Ebola in West Africa. For information about the outbreak in West Africa, please see the 2014 Ebola Outbreak in West Africa webpage.For information about the outbreak in West Africa, please see the 2014 Ebola Outbreak in West Africa web page.For information about the outbreak in West Africa, please see the 2014 Ebola Outbreak in West Africa web page.For information about the outbreak in West Africa, please see the 2014 Ebola Outbreak in West Africa web page.For information about the outbreak in West Africa, please see the 2014 Ebola Outbreak in West Africa web page.For information about the outbreak in West Africa, please see the 2014 Ebola Outbreak in West Africa web page.For information about the outbreak in West Africa, please see the 2014 Ebola Outbreak in West Africa web page.For information about the outbreak in West Africa, please see the 2014 Ebola Outbreak in West Africa web page.For information about the outbreak in West Africa, please see the 2014 Ebola Outbreak in West Africa web page.For information about the outbreak in West Africa, please see the 2014-2016 Ebola Outbreak in West Africa web page.A total of 24 suspected cases and 13 deaths have been identified. Human-to-human transmission has been established. The index case and the 80 contacts have no history of travel to the EVD-affected countries in West Africa or history of contact with people from the affected areas. The outbreak in DRC is unrelated to the ongoing outbreak in West Africa.For information about the outbreak in West Africa, please see the 2014 Ebola Outbreak in West Africa web page.For information about the outbreak in West Africa, please see the 2014 Ebola Outbreak in West Africa web page.","reports":{"diseases":["ebola haemorrhagic fever"],"event_date":"2014-11-21 00:00:xx","locations":["Democratic Republic of the Congo"],"syndromes":[]},"url":"https://www.cdc.gov/vhf/ebola/outbreaks/drc/2014-august.html"},"26":{"date_of_publication":"2022-01-12 xx:xx:xx","headline":"October 2021 Democratic Republic of the Congo, North Kivu Province","main_text":"On October 8, 2021 the Ministry of Health (MOH) in the Democratic Republic of the Congo (DRC) announced an outbreak of Ebola virus disease (EVD) in Beni Health Zone, North Kivu Province. Subsequent cases were confirmed in the same health zone and three probable cases were retrospectively identified from September 2021. Beni, one of the epicenters of the\u00a02018-2020 EVD outbreak in DRC, is not far from Butembo City, the site of two recent EVD outbreaks,\u00a0one in 2018 and\u00a0another earlier in 2021.Sequencing data from the first confirmed case in this outbreak showed a link to the 2018-2020 outbreak in the same region. This link suggests that this outbreak was likely caused by a persistent infection in an EVD survivor that led to either a relapse or sexual transmission of the virus.During this outbreak, the WHO Strategic Advisory Group of Experts on Immunization (SAGE)\u00a0made the recommendationexternal icon that during an Ebola outbreak, all contacts and contacts of contacts should receive rVSV\u0394G-ZEBOV-GP unless they were vaccinated within the preceding six months.This outbreak, the 13th EVD outbreak in DRC, was declared officially over on December 16, 2021, 42 days after the last confirmed case of EVD was released from the Ebola treatment unit after testing negative twice for Ebola.","reports":{"diseases":["ebola haemorrhagic fever"],"event_date":"2021-10-08 00:00:xx","locations":["Democratic Republic of the Congo, North Kivu Province"],"syndromes":[]},"url":"https://www.cdc.gov/vhf/ebola/outbreaks/drc/2021-oct.html"},"27":{"date_of_publication":"2021-10-25 xx:xx:xx","headline":"February 2021 Democratic Republic of the Congo, North Kivu Province","main_text":"On February 7, 2021 the Ministry of Health (MOH) in the Democratic Republic of the Congo (DRC) announced that a case of Ebola virus disease (EVD) had been confirmed in Biena Health Zone, North Kivu Province. Subsequent cases were confirmed. North Kivu was previously affected by EVD during the 2018-2020 Ebola outbreak, the largest in DRC\u2019s history, which was declared over on June 25, 2020.Sequencing of samples suggests that cases in this outbreak were linked to cases in the area during the 2018\u20132020 outbreak and likely caused by a persistent infection in a survivor that led to either a relapse or sexual transmission of the virus.On May 3, 2021, after reaching 42 days (two incubation periods) with no new cases after the last survivor tested negative and was released from the Ebola treatment center, the DRC MOH and World Health Organization (WHO) announced the outbreak was over. In total, 12 cases (probable and confirmed) and 6 deaths were reported. The outbreak was followed by 90 days of additional Ebola surveillance to ensure that any new cases were quickly detected and responded to. This period concluded in August 2021.CDC worked with the MOH, WHO, and partners to implement response activities to stop the spread of the virus and end the outbreak.Ebola Communication and Awareness Resources for Congolese healthcare workers and communities are available.","reports":{"diseases":["ebola haemorrhagic fever"],"event_date":"2021-02-07 00:00:xx","locations":["Democratic Republic of the Congo, North Kivu Province"],"syndromes":[]},"url":"https://www.cdc.gov/vhf/ebola/outbreaks/drc/2021-february.html"},"28":{"date_of_publication":"2020-11-18 xx:xx:xx","headline":"2020 Democratic Republic of the Congo, Equateur Province","main_text":"On June 1, 2020, the Ministry of Health (MOH) of the Democratic Republic of the Congo (DRC) declared the 11th outbreak of Ebola virus disease (Ebola) in DRC external iconfollowing the deaths of four family members in Mbandaka, Equateur Province, between May 18 and May 30. Additional cases were confirmed in multiple health zones in western DRC. The Institut National de Recherche Biom\u00e9dicale (INRB) in Kinshasa confirmed Ebola virus, species Zaire ebolavirus, in this outbreak.Laboratory sequencing showed that most cases in this outbreak were the result of a new spillover event (i.e. a new introduction of the virus into the community from an animal reservoir) followed by person-to-person spread. Sequencing efforts also identified a few cases which appeared to be linked to the prior\u00a0Equateur Province outbreak in 2018, possibly due to sexual transmission or relapse of a survivor.On November 18, 2020, after reaching 42 days (two incubation periods) with no new cases after the last survivor tested negative and was released from the Ebola treatment center, the DRC Ministry of Health and WHO announced the outbreak was over. In total, 130 cases (probable and confirmed) and 55 deaths were reported. The outbreak will be followed by 90 days of additional Ebola surveillance to ensure that any new cases are quickly detected and responded to.","reports":{"diseases":["ebola haemorrhagic fever"],"event_date":"2020-06-01 00:00:xx","locations":["Democratic Republic of the Congo, Equateur Province"],"syndromes":[]},"url":"https://www.cdc.gov/vhf/ebola/outbreaks/drc/2020-june.html"},"29":{"date_of_publication":"2019-11-05 xx:xx:xx","headline":"2018 Eastern Democratic Republic of the Congo Outbreak","main_text":"On August 1, 2018, the Ministry of Health of the Democratic Republic of Congo (DRC) reported an outbreak of Ebola virus disease in North Kivu Provinceexternal icon.\u00a0 Cases have also been reported in Ituri and South Kivu provinces. Confirmed and probable cases have been reported in twenty-nine health zones of North Kivu, South Kivu, and Ituri provinces of DRC.Learn More","reports":{"diseases":["ebola haemorrhagic fever"],"event_date":"2018-08-01 00:00:xx","locations":["Eastern Democratic Republic of the Congo Outbreak"],"syndromes":[]},"url":"https://www.cdc.gov/vhf/ebola/outbreaks/drc/2018-august.html"},"30":{"date_of_publication":"2021-03-11 xx:xx:xx","headline":"2018 Democratic Republic of the Congo, Bikoro","main_text":"A 2014 EVD outbreak that occurred in a different part of Equateur Province was limited in size due to the remoteness of the area and low population density. A 2017 outbreak in the Bas U\u00e9l\u00e9\u00a0Province of DRC was also quickly contained and limited in size. Following a period of 42 days since the second negative laboratory diagnostic test of the last confirmed patient, WHO declared an end to the outbreak on July 24, 2018.","reports":{"diseases":["ebola haemorrhagic fever"],"event_date":"2018-05-08 00:00:xx","locations":["Democratic Republic of the Congo, Bikoro"],"syndromes":[]},"url":"https://www.cdc.gov/vhf/ebola/outbreaks/drc/2018-may.html"}},"log":{"access_time":"2022-03-18 04:57:07","data_source":"CDC Current Outbreak List","team_name":"Thumbnails"}}